<html>
<body>
<pre>
<h1>礦ision Build Log</h1>
<h2>Tool Versions:</h2>
IDE-Version: μVision V5.24.2.0
Copyright (C) 2017 ARM Ltd and ARM Germany GmbH. All rights reserved.
License Information: Wang Administrator, shuangyulin, LIC=NQQMA-1N5XR-HLQCL-0MVY5-XKRD9-EJBGW
 
Tool Versions:
Toolchain:       MDK-ARM Plus  Version: 5.24.1
Toolchain Path:  D:\Software\Keil_v5\ARM\ARMCC\Bin
C Compiler:      Armcc.exe V5.06 update 5 (build 528)
Assembler:       Armasm.exe V5.06 update 5 (build 528)
Linker/Locator:  ArmLink.exe V5.06 update 5 (build 528)
Library Manager: ArmAr.exe V5.06 update 5 (build 528)
Hex Converter:   FromElf.exe V5.06 update 5 (build 528)
CPU DLL:         SARMCM3.DLL V5.24.1
Dialog DLL:      DCM.DLL V1.16.0.0
Target DLL:      STLink\ST-LINKIII-KEIL_SWO.dll V3.0.1.0
Dialog DLL:      TCM.DLL V1.32.0.0
 
<h2>Project:</h2>
C:\Users\Administrator\Desktop\新建文件夹\4.STM32F1智能门禁锁系统免费源码\stm32_smart_access_control3\1.源代码\USER\USART.uvprojx
Project File Date:  01/02/2026

<h2>Output:</h2>
*** Using Compiler 'V5.06 update 5 (build 528)', folder: 'D:\Software\Keil_v5\ARM\ARMCC\Bin'
Build target 'USART'
compiling system_stm32f10x.c...
compiling led.c...
compiling stm32f10x_it.c...
compiling key.c...
compiling button4_4.c...
compiling oled.c...
compiling main.c...
main.c(158): warning:  #177-D: label "MENU"  was declared but never referenced
  MENU:
main.c(241): warning:  #167-D: argument of type "u8 *" is incompatible with parameter of type "char *restrict"
  				sprintf(buf,"请%02d秒后重试", sys.errTime);
main.c(253): warning:  #940-D: missing return statement at end of non-void function "DisErrCnt" 
   }
main.c(266): warning:  #514-D: pointless comparison of unsigned integer with a negative constant
  		if(key_num != -1)
main.c(280): warning:  #111-D: statement is unreachable
  					return -1;
main.c(280): warning:  #68-D: integer conversion resulted in a change of sign
  					return -1;
main.c(282): warning:  #111-D: statement is unreachable
  					break;
main.c(301): warning:  #111-D: statement is unreachable
  					break;
main.c(305): warning:  #111-D: statement is unreachable
  					break;
main.c(357): warning:  #111-D: statement is unreachable
  					break;
main.c(394): warning:  #111-D: statement is unreachable
  					break;
main.c(316): warning:  #177-D: variable "time"  was declared but never referenced
  	u16 num=0,num2=0,time3=0,time;
main.c(319): warning:  #177-D: variable "buf"  was declared but never referenced
  	u8 buf[64];
main.c(750): warning:  #111-D: statement is unreachable
  				break;
main.c(790): warning:  #111-D: statement is unreachable
  				break;
main.c(937): warning:  #550-D: variable "card_size"  was set but never used
  	u8 i,key_num,status=1,card_size;
main.c(1016): warning:  #68-D: integer conversion resulted in a change of sign
  		if(DisErrCnt())return -1;//错误次数超限
main.c(1039): warning:  #167-D: argument of type "u8 *" is incompatible with parameter of type "char *restrict"
  				sprintf(prtfbuf,"RFID:%d匹配成功",j);
main.c(1008): warning:  #550-D: variable "card_size"  was set but never used
  	u8 i,j,status=1,card_size;
main.c(1108): warning:  #177-D: variable "str"  was declared but never referenced
  	char str[64];			  
main.c(1109): warning:  #177-D: variable "key"  was declared but never referenced
  	u8 key;
main.c(1153): warning:  #1-D: last line of file ends without a newline
   
main.c(834): warning: C4487E: read from variable 'pwd' with offset out of bounds
}
main.c(834): warning: C4487E: read from variable 'pwd' with offset out of bounds
}
main.c: 24 warnings, 0 errors
compiling beep.c...
compiling MFRC522.c...
compiling stmflash.c...
compiling usart2.c...
compiling rtc.c...
compiling timer.c...
compiling as608.c...
assembling startup_stm32f10x_hd.s...
compiling walkmotor.c...
..\HARDWARE\walkmotor.c(13): warning:  #550-D: variable "GPIO_InitStructure"  was set but never used
  	GPIO_InitTypeDef  GPIO_InitStructure;
..\HARDWARE\walkmotor.c: 1 warning, 0 errors
compiling core_cm3.c...
compiling delay.c...
compiling usart.c...
compiling misc.c...
compiling sys.c...
compiling stm32f10x_gpio.c...
compiling stm32f10x_usart.c...
compiling stm32f10x_rcc.c...
compiling stm32f10x_rtc.c...
compiling stm32f10x_flash.c...
compiling stm32f10x_bkp.c...
compiling stm32f10x_tim.c...
compiling stm32f10x_pwr.c...
linking...
Program Size: Code=30216 RO-data=14008 RW-data=216 ZI-data=5840  
FromELF: creating hex file...
"..\OBJ\USART.axf" - 0 Error(s), 25 Warning(s).

<h2>Software Packages used:</h2>

Package Vendor: Keil
                http://www.keil.com/pack/Keil.STM32F1xx_DFP.2.2.0.pack
                Keil.STM32F1xx_DFP.2.2.0
                STMicroelectronics STM32F1 Series Device Support, Drivers and Examples

<h2>Collection of Component include folders:</h2>
  .\RTE\_USART
  D:\Software\Keil_v5\ARM\PACK\Keil\STM32F1xx_DFP\2.2.0\Device\Include

<h2>Collection of Component Files used:</h2>
Build Time Elapsed:  00:00:07
</pre>
</body>
</html>
